[1m============================= test session starts ==============================[0m
platform linux -- Python 3.11.14, pytest-8.3.2, pluggy-1.6.0 -- /usr/local/bin/python3.11
cachedir: .pytest_cache
rootdir: /usr/src/app
plugins: anyio-4.11.0, cov-5.0.0
[1mcollecting ... [0m[1m
collecting 39 items                                                            [0m[1m
collecting 46 items                                                            [0m[1m
collected 77 items                                                             [0m

app/tests/test_badge_service.py::test_meets_condition_ice_breaker [32mPASSED[0m[33m [  1%][0m
app/tests/test_badge_service.py::test_meets_condition_fail [32mPASSED[0m[33m        [  2%][0m
app/tests/test_badge_service.py::test_meets_condition_unknown_badge [32mPASSED[0m[33m [  3%][0m
app/tests/test_badge_service.py::test_condition_first_steps [32mPASSED[0m[33m       [  5%][0m
app/tests/test_badge_service.py::test_condition_xp_novice [32mPASSED[0m[33m         [  6%][0m
app/tests/test_badge_service.py::test_condition_xp_expert [32mPASSED[0m[33m         [  7%][0m
app/tests/test_badge_service.py::test_condition_xp_master [32mPASSED[0m[33m         [  9%][0m
app/tests/test_badge_service.py::test_answer_rookie [32mPASSED[0m[33m               [ 10%][0m
app/tests/test_badge_service.py::test_answer_expert [32mPASSED[0m[33m               [ 11%][0m
app/tests/test_badge_service.py::test_answer_master [32mPASSED[0m[33m               [ 12%][0m
app/tests/test_badge_service.py::test_persistent [32mPASSED[0m[33m                  [ 14%][0m
app/tests/test_badge_service.py::test_dedicated [32mPASSED[0m[33m                   [ 15%][0m
app/tests/test_badge_service.py::test_relentless [32mPASSED[0m[33m                  [ 16%][0m
app/tests/test_badge_service.py::test_clarity_champion [32mPASSED[0m[33m            [ 18%][0m
app/tests/test_badge_service.py::test_keyword_wizard [32mPASSED[0m[33m              [ 19%][0m
app/tests/test_badge_service.py::test_first_session [32mPASSED[0m[33m               [ 20%][0m
app/tests/test_badge_service.py::test_night_owl [32mPASSED[0m[33m                   [ 22%][0m
app/tests/test_badge_service.py::test_early_bird [32mPASSED[0m[33m                  [ 23%][0m
app/tests/test_badge_service.py::test_check_badges_for_user [32mPASSED[0m[33m       [ 24%][0m
app/tests/test_db.py::test_init_db_creates_tables [32mPASSED[0m[33m                 [ 25%][0m
app/tests/test_db.py::test_reset_all_recreates_tables [32mPASSED[0m[33m             [ 27%][0m
app/tests/test_db.py::test_reset_table_truncates_table [32mPASSED[0m[33m            [ 28%][0m
app/tests/test_db.py::test_add_and_get_user [32mPASSED[0m[33m                       [ 29%][0m
app/tests/test_db.py::test_update_user [32mPASSED[0m[33m                            [ 31%][0m
app/tests/test_db.py::test_add_and_get_interview [32mPASSED[0m[33m                  [ 32%][0m
app/tests/test_db.py::test_update_interview_like [32mPASSED[0m[33m                  [ 33%][0m
app/tests/test_db.py::test_add_question [32mPASSED[0m[33m                           [ 35%][0m
app/tests/test_db.py::test_get_user_interviews [32mPASSED[0m[33m                    [ 36%][0m
app/tests/test_db.py::test_badges [32mPASSED[0m[33m                                 [ 37%][0m
app/tests/test_external_access.py::test_gpt_access_success [32mPASSED[0m[33m        [ 38%][0m
app/tests/test_external_access.py::test_gpt_access_unexpected_format [32mPASSED[0m[33m [ 40%][0m
app/tests/test_external_access.py::test_gpt_access_401 [32mPASSED[0m[33m            [ 41%][0m
app/tests/test_external_access.py::test_gpt_access_403 [32mPASSED[0m[33m            [ 42%][0m
app/tests/test_external_access.py::test_gpt_access_unexpected_http [32mPASSED[0m[33m [ 44%][0m
app/tests/test_external_access.py::test_verify_access_success [32mPASSED[0m[33m     [ 45%][0m
app/tests/test_external_access.py::test_verify_access_unexpected_format [32mPASSED[0m[33m [ 46%][0m
app/tests/test_external_access.py::test_verify_access_400 [32mPASSED[0m[33m         [ 48%][0m
app/tests/test_external_access.py::test_verify_access_401 [32mPASSED[0m[33m         [ 49%][0m
app/tests/test_external_access.py::test_verify_access_unexpected_http [32mPASSED[0m[33m [ 50%][0m
app/tests/test_interview_service.py::test_interview_start [32mPASSED[0m[33m         [ 51%][0m
app/tests/test_interview_service.py::test_interview_feedback [32mPASSED[0m[33m      [ 53%][0m
app/tests/test_interview_service.py::test_change_interview_like [32mPASSED[0m[33m   [ 54%][0m
app/tests/test_prompt_builder.py::test_build_question_prompt_contains_inputs [32mPASSED[0m[33m [ 55%][0m
app/tests/test_prompt_builder.py::test_build_feedback_prompt_contains_all_fields [32mPASSED[0m[33m [ 57%][0m
app/tests/test_prompt_builder.py::test_build_multicrit_feedback_prompt_contains_all_fields [32mPASSED[0m[33m [ 58%][0m
app/tests/test_prompt_builder.py::test_build_answer_prompt_contains_all_fields [32mPASSED[0m[33m [ 59%][0m
app/tests/test_route.py::test_root_endpoint [32mPASSED[0m[33m                       [ 61%][0m
app/tests/test_route.py::test_login_success [32mPASSED[0m[33m                       [ 62%][0m
app/tests/test_route.py::test_login_missing_email [32mPASSED[0m[33m                 [ 63%][0m
app/tests/test_route.py::test_login_service_error [32mPASSED[0m[33m                 [ 64%][0m
app/tests/test_route.py::test_interview_start_success [32mPASSED[0m[33m             [ 66%][0m
app/tests/test_route.py::test_interview_start_missing_auth [32mPASSED[0m[33m        [ 67%][0m
app/tests/test_route.py::test_interview_start_missing_fields [32mPASSED[0m[33m      [ 68%][0m
app/tests/test_route.py::test_interview_feedback_success [32mPASSED[0m[33m          [ 70%][0m
app/tests/test_route.py::test_interview_feedback_missing_auth [32mPASSED[0m[33m     [ 71%][0m
app/tests/test_route.py::test_user_detail_success [32mPASSED[0m[33m                 [ 72%][0m
app/tests/test_route.py::test_user_detail_missing_auth [32mPASSED[0m[33m            [ 74%][0m
app/tests/test_route.py::test_user_like_success [32mPASSED[0m[33m                   [ 75%][0m
app/tests/test_route.py::test_user_interview_summary_success [32mPASSED[0m[33m      [ 76%][0m
app/tests/test_route.py::test_user_interview_summary_no_data [32mPASSED[0m[33m      [ 77%][0m
app/tests/test_route.py::test_user_statistics_success [31mFAILED[0m[31m             [ 79%][0m
app/tests/test_route.py::test_user_set_target_success [32mPASSED[0m[31m             [ 80%][0m
app/tests/test_route.py::test_user_set_target_invalid_range [32mPASSED[0m[31m       [ 81%][0m
app/tests/test_route.py::test_user_get_target_success [32mPASSED[0m[31m             [ 83%][0m
app/tests/test_route.py::test_invalid_endpoint [32mPASSED[0m[31m                    [ 84%][0m
app/tests/test_route.py::test_service_exception_handling [32mPASSED[0m[31m          [ 85%][0m
app/tests/test_route.py::test_cors_headers_present [32mPASSED[0m[31m                [ 87%][0m
app/tests/test_route.py::test_login_with_empty_email [32mPASSED[0m[31m              [ 88%][0m
app/tests/test_route.py::test_interview_start_with_empty_job_description [32mPASSED[0m[31m [ 89%][0m
app/tests/test_user_service.py::test_get_user_detail [32mPASSED[0m[31m              [ 90%][0m
app/tests/test_user_service.py::test_create_new_user [32mPASSED[0m[31m              [ 92%][0m
app/tests/test_user_service.py::test_update_user_active [32mPASSED[0m[31m           [ 93%][0m
app/tests/test_user_service.py::test_get_user_interview_summary [32mPASSED[0m[31m   [ 94%][0m
app/tests/test_user_service.py::test_get_user_statistics [32mPASSED[0m[31m          [ 96%][0m
app/tests/test_user_service.py::test_like_interview [32mPASSED[0m[31m               [ 97%][0m
app/tests/test_user_service.py::test_set_user_target [32mPASSED[0m[31m              [ 98%][0m
app/tests/test_user_service.py::test_get_user_target [32mPASSED[0m[31m              [100%][0m

=================================== FAILURES ===================================
[31m[1m_________________________ test_user_statistics_success _________________________[0m

args = ()
keywargs = {'auth_headers': {'Authorization': 'Bearer fake.jwt.token'}}

    @wraps(func)
    def patched(*args, **keywargs):
>       with self.decoration_helper(patched,
                                    args,
                                    keywargs) as (newargs, newkeywargs):

[1m[31m/usr/local/lib/python3.11/unittest/mock.py[0m:1375: 
_ _ _ _ _ _ _ _ _ _ _ _ _ _ _ _ _ _ _ _ _ _ _ _ _ _ _ _ _ _ _ _ _ _ _ _ _ _ _ _ 
[1m[31m/usr/local/lib/python3.11/contextlib.py[0m:137: in __enter__
    return next(self.gen)
[1m[31m/usr/local/lib/python3.11/unittest/mock.py[0m:1357: in decoration_helper
    arg = exit_stack.enter_context(patching)
[1m[31m/usr/local/lib/python3.11/contextlib.py[0m:517: in enter_context
    result = _enter(cm)
[1m[31m/usr/local/lib/python3.11/unittest/mock.py[0m:1446: in __enter__
    original, local = self.get_original()
_ _ _ _ _ _ _ _ _ _ _ _ _ _ _ _ _ _ _ _ _ _ _ _ _ _ _ _ _ _ _ _ _ _ _ _ _ _ _ _ 

self = <unittest.mock._patch object at 0x79bd46ceef90>

    def get_original(self):
        target = self.getter()
        name = self.attribute
    
        original = DEFAULT
        local = False
    
        try:
            original = target.__dict__[name]
        except (AttributeError, KeyError):
            original = getattr(target, name, DEFAULT)
        else:
            local = True
    
        if name in _builtins and isinstance(target, ModuleType):
            self.create = True
    
        if not self.create and original is DEFAULT:
>           raise AttributeError(
                "%s does not have the attribute %r" % (target, name)
            )
[1m[31mE           AttributeError: <module 'app.api.user' from '/usr/src/app/app/api/user.py'> does not have the attribute 'get_user_id_and_email'[0m

[1m[31m/usr/local/lib/python3.11/unittest/mock.py[0m:1419: AttributeError
[36m[1m=========================== short test summary info ============================[0m
[31mFAILED[0m app/tests/test_route.py::[1mtest_user_statistics_success[0m - AttributeError: <module 'app.api.user' from '/usr/src/app/app/api/user.py'> does not have the attribute 'get_user_id_and_email'
[31m================== [31m[1m1 failed[0m, [32m76 passed[0m, [33m84 warnings[0m[31m in 1.78s[0m[31m ===================[0m
Running pytest inside backend container...
Command failed: Command 'docker exec -it backend_app bash -c "export TESTING=1 && pytest -vv --disable-warnings"' returned non-zero exit status 1.
